
// Mappings between SystemC and Verilog datatypes
// SIMPLE_CAST(verilog, SC) for bit, logic
// SIMPLE_VECTOR_CAST(verilog, SC) for standard C types char, int, ... The length will be calculated as sizeof(SC)
// STATIC_VECTOR_CAST(verilog, SC) for SC<int size>
// VECTOR_CAST(verilog, SC) for SC with length() method

SIMPLE_CAST(        bit        , bool        )
SIMPLE_CAST(        wire       , sc_logic    )
SIMPLE_CAST(        bit        , sc_bit      )
SIMPLE_CAST(        real       , double      )
SIMPLE_CAST(        real       , float       )

SIMPLE_CAST(        string     , char*       )
SIMPLE_CAST(        string     , const char* )

STATIC_VECTOR_CAST( bit        , sc_bv       )
STATIC_VECTOR_CAST( bit        , sc_int      )
STATIC_VECTOR_CAST( bit        , sc_uint     )
STATIC_VECTOR_CAST( bit        , sc_bigint   )
STATIC_VECTOR_CAST( bit        , sc_biguint  )
VECTOR_CAST(        signed     , sc_signed   )
VECTOR_CAST(        unsigned   , sc_unsigned )

STATIC_VECTOR_CAST( wire       , sc_lv       )

SIMPLE_VECTOR_CAST( bit        , int         )
SIMPLE_VECTOR_CAST( bit        , uint        )
SIMPLE_VECTOR_CAST( bit        , char        )
SIMPLE_VECTOR_CAST( bit        , uchar       )
SIMPLE_VECTOR_CAST( bit        , short       )
SIMPLE_VECTOR_CAST( bit        , ushort      )
SIMPLE_VECTOR_CAST( bit        , long        )
SIMPLE_VECTOR_CAST( bit        , ulong       )
SIMPLE_VECTOR_CAST( bit        , long long   )
SIMPLE_VECTOR_CAST( bit        , unsigned long long   )
